(program
  (let
    (nonrec)
    (datatypebind
      (datatype
        (tyvardecl Maybe (fun (type) (type)))
        (tyvardecl a (type))
        Maybe_match
        (vardecl Just (fun a [Maybe a])) (vardecl Nothing [Maybe a])
      )
    )
    (datatypebind
      (datatype (tyvardecl Unit (type))  Unit_match (vardecl Unit Unit))
    )
    (termbind
      (strict)
      (vardecl
        fApplicativeMaybe_c
        (all a (type) (all b (type) (fun [Maybe (fun a b)] (fun [Maybe a] [Maybe b]))))
      )
      (abs
        a
        (type)
        (abs
          b
          (type)
          (lam
            ds
            [Maybe (fun a b)]
            (lam
              ds
              [Maybe a]
              (let
                (nonrec)
                (termbind (nonstrict) (vardecl wild [Maybe (fun a b)]) ds)
                [
                  [
                    [
                      { [ { Maybe_match (fun a b) } ds ] (fun Unit [Maybe b]) }
                      (lam
                        ipv
                        (fun a b)
                        (lam
                          thunk
                          Unit
                          (let
                            (nonrec)
                            (termbind (nonstrict) (vardecl wild [Maybe a]) ds)
                            [
                              [
                                [
                                  {
                                    [ { Maybe_match a } ds ]
                                    (fun Unit [Maybe b])
                                  }
                                  (lam
                                    ipv
                                    a
                                    (lam thunk Unit [ { Just b } [ ipv ipv ] ])
                                  )
                                ]
                                (lam thunk Unit { Nothing b })
                              ]
                              Unit
                            ]
                          )
                        )
                      )
                    ]
                    (lam thunk Unit { Nothing b })
                  ]
                  Unit
                ]
              )
            )
          )
        )
      )
    )
    (termbind
      (strict)
      (vardecl
        fFunctorMaybe_cfmap
        (all a (type) (all b (type) (fun (fun a b) (fun [Maybe a] [Maybe b]))))
      )
      (abs
        a
        (type)
        (abs
          b
          (type)
          (lam
            f
            (fun a b)
            (lam
              ds
              [Maybe a]
              (let
                (nonrec)
                (termbind (nonstrict) (vardecl wild [Maybe a]) ds)
                [
                  [
                    [
                      { [ { Maybe_match a } ds ] (fun Unit [Maybe b]) }
                      (lam a a (lam thunk Unit [ { Just b } [ f a ] ]))
                    ]
                    (lam thunk Unit { Nothing b })
                  ]
                  Unit
                ]
              )
            )
          )
        )
      )
    )
    (datatypebind
      (datatype
        (tyvardecl Applicative (fun (fun (type) (type)) (type)))
        (tyvardecl f (fun (type) (type)))
        Applicative_match
        (vardecl
          CConsApplicative
          (fun [(lam f (fun (type) (type)) (all a (type) (all b (type) (fun (fun a b) (fun [f a] [f b]))))) f] (fun (all a (type) (fun a [f a])) (fun (all a (type) (all b (type) (fun [f (fun a b)] (fun [f a] [f b])))) [Applicative f])))
        )
      )
    )
    (termbind
      (nonstrict)
      (vardecl fApplicativeMaybe [Applicative Maybe])
      [
        [ [ { CConsApplicative Maybe } fFunctorMaybe_cfmap ] Just ]
        fApplicativeMaybe_c
      ]
    )
    (datatypebind
      (datatype
        (tyvardecl Monoid (fun (type) (type)))
        (tyvardecl a (type))
        Monoid_match
        (vardecl
          CConsMonoid
          (fun [(lam a (type) (fun a (fun a a))) a] (fun a [Monoid a]))
        )
      )
    )
    (termbind
      (strict)
      (vardecl
        p1Monoid
        (all a (type) (fun [Monoid a] [(lam a (type) (fun a (fun a a))) a]))
      )
      (abs
        a
        (type)
        (lam
          v
          [Monoid a]
          (let
            (nonrec)
            (termbind (nonstrict) (vardecl v [Monoid a]) v)
            [
              { [ { Monoid_match a } v ] [(lam a (type) (fun a (fun a a))) a] }
              (lam v [(lam a (type) (fun a (fun a a))) a] (lam v a v))
            ]
          )
        )
      )
    )
    (let
      (rec)
      (datatypebind
        (datatype
          (tyvardecl List (fun (type) (type)))
          (tyvardecl a (type))
          Nil_match
          (vardecl Nil [List a]) (vardecl Cons (fun a (fun [List a] [List a])))
        )
      )
      (let
        (nonrec)
        (termbind
          (strict)
          (vardecl mempty (all a (type) (fun [Monoid a] a)))
          (abs
            a
            (type)
            (lam
              v
              [Monoid a]
              (let
                (nonrec)
                (termbind (nonstrict) (vardecl v [Monoid a]) v)
                [
                  { [ { Monoid_match a } v ] a }
                  (lam v [(lam a (type) (fun a (fun a a))) a] (lam v a v))
                ]
              )
            )
          )
        )
        (let
          (rec)
          (termbind
            (nonstrict)
            (vardecl
              fFoldableNil_cfoldMap
              (all m (type) (all a (type) (fun [Monoid m] (fun (fun a m) (fun [List a] m)))))
            )
            (abs
              m
              (type)
              (abs
                a
                (type)
                (lam
                  dMonoid
                  [Monoid m]
                  (let
                    (nonrec)
                    (termbind
                      (nonstrict)
                      (vardecl dSemigroup [(lam a (type) (fun a (fun a a))) m])
                      [ { p1Monoid m } dMonoid ]
                    )
                    (lam
                      ds
                      (fun a m)
                      (lam
                        ds
                        [List a]
                        (let
                          (nonrec)
                          (termbind (nonstrict) (vardecl wild [List a]) ds)
                          [
                            [
                              [
                                { [ { Nil_match a } ds ] (fun Unit m) }
                                (lam thunk Unit [ { mempty m } dMonoid ])
                              ]
                              (lam
                                x
                                a
                                (lam
                                  xs
                                  [List a]
                                  (lam
                                    thunk
                                    Unit
                                    [
                                      [ dSemigroup [ ds x ] ]
                                      [
                                        [
                                          [
                                            { { fFoldableNil_cfoldMap m } a }
                                            dMonoid
                                          ]
                                          ds
                                        ]
                                        xs
                                      ]
                                    ]
                                  )
                                )
                              )
                            ]
                            Unit
                          ]
                        )
                      )
                    )
                  )
                )
              )
            )
          )
          (let
            (rec)
            (termbind
              (nonstrict)
              (vardecl
                fFunctorNil_cfmap
                (all a (type) (all b (type) (fun (fun a b) (fun [List a] [List b]))))
              )
              (abs
                a
                (type)
                (abs
                  b
                  (type)
                  (lam
                    f
                    (fun a b)
                    (lam
                      l
                      [List a]
                      (let
                        (nonrec)
                        (termbind (nonstrict) (vardecl wild [List a]) l)
                        [
                          [
                            [
                              { [ { Nil_match a } l ] (fun Unit [List b]) }
                              (lam thunk Unit { Nil b })
                            ]
                            (lam
                              x
                              a
                              (lam
                                xs
                                [List a]
                                (lam
                                  thunk
                                  Unit
                                  [
                                    [ { Cons b } [ f x ] ]
                                    [ [ { { fFunctorNil_cfmap a } b } f ] xs ]
                                  ]
                                )
                              )
                            )
                          ]
                          Unit
                        ]
                      )
                    )
                  )
                )
              )
            )
            (let
              (nonrec)
              (termbind
                (strict)
                (vardecl
                  p1Applicative
                  (all f (fun (type) (type)) (fun [Applicative f] [(lam f (fun (type) (type)) (all a (type) (all b (type) (fun (fun a b) (fun [f a] [f b]))))) f]))
                )
                (abs
                  f
                  (fun (type) (type))
                  (lam
                    v
                    [Applicative f]
                    (let
                      (nonrec)
                      (termbind (nonstrict) (vardecl v [Applicative f]) v)
                      [
                        {
                          [ { Applicative_match f } v ]
                          [(lam f (fun (type) (type)) (all a (type) (all b (type) (fun (fun a b) (fun [f a] [f b]))))) f]
                        }
                        (lam
                          v
                          [(lam f (fun (type) (type)) (all a (type) (all b (type) (fun (fun a b) (fun [f a] [f b]))))) f]
                          (lam
                            v
                            (all a (type) (fun a [f a]))
                            (lam
                              v
                              (all a (type) (all b (type) (fun [f (fun a b)] (fun [f a] [f b]))))
                              v
                            )
                          )
                        )
                      ]
                    )
                  )
                )
              )
              (termbind
                (strict)
                (vardecl
                  bad_name
                  (all f (fun (type) (type)) (fun [Applicative f] (all a (type) (all b (type) (fun [f (fun a b)] (fun [f a] [f b]))))))
                )
                (abs
                  f
                  (fun (type) (type))
                  (lam
                    v
                    [Applicative f]
                    (let
                      (nonrec)
                      (termbind (nonstrict) (vardecl v [Applicative f]) v)
                      [
                        {
                          [ { Applicative_match f } v ]
                          (all a (type) (all b (type) (fun [f (fun a b)] (fun [f a] [f b]))))
                        }
                        (lam
                          v
                          [(lam f (fun (type) (type)) (all a (type) (all b (type) (fun (fun a b) (fun [f a] [f b]))))) f]
                          (lam
                            v
                            (all a (type) (fun a [f a]))
                            (lam
                              v
                              (all a (type) (all b (type) (fun [f (fun a b)] (fun [f a] [f b]))))
                              v
                            )
                          )
                        )
                      ]
                    )
                  )
                )
              )
              (termbind
                (strict)
                (vardecl
                  pure
                  (all f (fun (type) (type)) (fun [Applicative f] (all a (type) (fun a [f a]))))
                )
                (abs
                  f
                  (fun (type) (type))
                  (lam
                    v
                    [Applicative f]
                    (let
                      (nonrec)
                      (termbind (nonstrict) (vardecl v [Applicative f]) v)
                      [
                        {
                          [ { Applicative_match f } v ]
                          (all a (type) (fun a [f a]))
                        }
                        (lam
                          v
                          [(lam f (fun (type) (type)) (all a (type) (all b (type) (fun (fun a b) (fun [f a] [f b]))))) f]
                          (lam
                            v
                            (all a (type) (fun a [f a]))
                            (lam
                              v
                              (all a (type) (all b (type) (fun [f (fun a b)] (fun [f a] [f b]))))
                              v
                            )
                          )
                        )
                      ]
                    )
                  )
                )
              )
              (let
                (rec)
                (termbind
                  (nonstrict)
                  (vardecl
                    fTraversableNil_ctraverse
                    (all f (fun (type) (type)) (all a (type) (all b (type) (fun [Applicative f] (fun (fun a [f b]) (fun [List a] [f [List b]]))))))
                  )
                  (abs
                    f
                    (fun (type) (type))
                    (abs
                      a
                      (type)
                      (abs
                        b
                        (type)
                        (lam
                          dApplicative
                          [Applicative f]
                          (lam
                            ds
                            (fun a [f b])
                            (lam
                              ds
                              [List a]
                              (let
                                (nonrec)
                                (termbind (nonstrict) (vardecl wild [List a]) ds
                                )
                                [
                                  [
                                    [
                                      {
                                        [ { Nil_match a } ds ]
                                        (fun Unit [f [List b]])
                                      }
                                      (lam
                                        thunk
                                        Unit
                                        [
                                          {
                                            [ { pure f } dApplicative ] [List b]
                                          }
                                          { Nil b }
                                        ]
                                      )
                                    ]
                                    (lam
                                      x
                                      a
                                      (lam
                                        xs
                                        [List a]
                                        (lam
                                          thunk
                                          Unit
                                          [
                                            [
                                              {
                                                {
                                                  [
                                                    { bad_name f } dApplicative
                                                  ]
                                                  [List b]
                                                }
                                                [List b]
                                              }
                                              [
                                                [
                                                  {
                                                    {
                                                      [
                                                        { p1Applicative f }
                                                        dApplicative
                                                      ]
                                                      b
                                                    }
                                                    (fun [List b] [List b])
                                                  }
                                                  { Cons b }
                                                ]
                                                [ ds x ]
                                              ]
                                            ]
                                            [
                                              [
                                                [
                                                  {
                                                    {
                                                      {
                                                        fTraversableNil_ctraverse
                                                        f
                                                      }
                                                      a
                                                    }
                                                    b
                                                  }
                                                  dApplicative
                                                ]
                                                ds
                                              ]
                                              xs
                                            ]
                                          ]
                                        )
                                      )
                                    )
                                  ]
                                  Unit
                                ]
                              )
                            )
                          )
                        )
                      )
                    )
                  )
                )
                (let
                  (nonrec)
                  (datatypebind
                    (datatype
                      (tyvardecl Traversable (fun (fun (type) (type)) (type)))
                      (tyvardecl t (fun (type) (type)))
                      Traversable_match
                      (vardecl
                        CConsTraversable
                        (fun [(lam f (fun (type) (type)) (all a (type) (all b (type) (fun (fun a b) (fun [f a] [f b]))))) t] (fun [(lam t (fun (type) (type)) (all m (type) (all a (type) (fun [Monoid m] (fun (fun a m) (fun [t a] m)))))) t] (fun (all f (fun (type) (type)) (all a (type) (all b (type) (fun [Applicative f] (fun (fun a [f b]) (fun [t a] [f [t b]])))))) [Traversable t])))
                      )
                    )
                  )
                  (termbind
                    (nonstrict)
                    (vardecl fTraversableNil [Traversable List])
                    [
                      [
                        [ { CConsTraversable List } fFunctorNil_cfmap ]
                        fFoldableNil_cfoldMap
                      ]
                      fTraversableNil_ctraverse
                    ]
                  )
                  (termbind
                    (strict)
                    (vardecl
                      addInteger
                      (fun (con integer) (fun (con integer) (con integer)))
                    )
                    (builtin addInteger)
                  )
                  (termbind
                    (strict)
                    (vardecl
                      appendString
                      (fun (con string) (fun (con string) (con string)))
                    )
                    (builtin append)
                  )
                  (termbind
                    (strict)
                    (vardecl
                      build
                      (all a (type) (fun (all b (type) (fun (fun a (fun b b)) (fun b b))) [List a]))
                    )
                    (abs
                      a
                      (type)
                      (lam
                        g
                        (all b (type) (fun (fun a (fun b b)) (fun b b)))
                        [ [ { g [List a] } { Cons a } ] { Nil a } ]
                      )
                    )
                  )
                  (termbind
                    (strict)
                    (vardecl charToString (fun (con char) (con string)))
                    (builtin charToString)
                  )
                  (typebind (tyvardecl Char (type)) (con char))
                  (termbind
                    (strict)
                    (vardecl
                      concatenate
                      (fun (con bytestring) (fun (con bytestring) (con bytestring)))
                    )
                    (builtin concatenate)
                  )
                  (termbind
                    (strict)
                    (vardecl decodeUtf (fun (con bytestring) (con string)))
                    (builtin decodeUtf8)
                  )
                  (termbind
                    (strict)
                    (vardecl
                      divideInteger
                      (fun (con integer) (fun (con integer) (con integer)))
                    )
                    (builtin divideInteger)
                  )
                  (termbind
                    (strict)
                    (vardecl
                      dropByteString
                      (fun (con integer) (fun (con bytestring) (con bytestring)))
                    )
                    (builtin dropByteString)
                  )
                  (termbind
                    (strict)
                    (vardecl emptyByteString (con bytestring))
                    (con bytestring #)
                  )
                  (termbind
                    (strict) (vardecl emptyString (con string)) (con string "")
                  )
                  (termbind
                    (strict)
                    (vardecl encodeUtf (fun (con string) (con bytestring)))
                    (builtin encodeUtf8)
                  )
                  (datatypebind
                    (datatype
                      (tyvardecl Bool (type))

                      Bool_match
                      (vardecl True Bool) (vardecl False Bool)
                    )
                  )
                  (termbind
                    (strict)
                    (vardecl
                      equalsByteString
                      (fun (con bytestring) (fun (con bytestring) Bool))
                    )
                    (lam
                      arg
                      (con bytestring)
                      (lam
                        arg
                        (con bytestring)
                        [
                          (lam
                            b
                            (con bool)
                            [
                              [ [ { (builtin ifThenElse) Bool } b ] True ] False
                            ]
                          )
                          [ [ (builtin equalsByteString) arg ] arg ]
                        ]
                      )
                    )
                  )
                  (termbind
                    (strict)
                    (vardecl
                      equalsInteger (fun (con integer) (fun (con integer) Bool))
                    )
                    (lam
                      arg
                      (con integer)
                      (lam
                        arg
                        (con integer)
                        [
                          (lam
                            b
                            (con bool)
                            [
                              [ [ { (builtin ifThenElse) Bool } b ] True ] False
                            ]
                          )
                          [ [ (builtin equalsInteger) arg ] arg ]
                        ]
                      )
                    )
                  )
                  (termbind
                    (strict)
                    (vardecl
                      equalsString (fun (con string) (fun (con string) Bool))
                    )
                    (lam
                      arg
                      (con string)
                      (lam
                        arg
                        (con string)
                        [
                          (lam
                            b
                            (con bool)
                            [
                              [ [ { (builtin ifThenElse) Bool } b ] True ] False
                            ]
                          )
                          [ [ (builtin equalsString) arg ] arg ]
                        ]
                      )
                    )
                  )
                  (termbind
                    (strict)
                    (vardecl error (all a (type) (fun Unit a)))
                    (abs e (type) (lam thunk Unit (error e)))
                  )
                  (termbind
                    (strict)
                    (vardecl
                      greaterThanByteString
                      (fun (con bytestring) (fun (con bytestring) Bool))
                    )
                    (lam
                      arg
                      (con bytestring)
                      (lam
                        arg
                        (con bytestring)
                        [
                          (lam
                            b
                            (con bool)
                            [
                              [ [ { (builtin ifThenElse) Bool } b ] True ] False
                            ]
                          )
                          [ [ (builtin greaterThanByteString) arg ] arg ]
                        ]
                      )
                    )
                  )
                  (termbind
                    (strict)
                    (vardecl
                      greaterThanEqInteger
                      (fun (con integer) (fun (con integer) Bool))
                    )
                    (lam
                      arg
                      (con integer)
                      (lam
                        arg
                        (con integer)
                        [
                          (lam
                            b
                            (con bool)
                            [
                              [ [ { (builtin ifThenElse) Bool } b ] True ] False
                            ]
                          )
                          [ [ (builtin greaterThanEqualsInteger) arg ] arg ]
                        ]
                      )
                    )
                  )
                  (termbind
                    (strict)
                    (vardecl
                      greaterThanInteger
                      (fun (con integer) (fun (con integer) Bool))
                    )
                    (lam
                      arg
                      (con integer)
                      (lam
                        arg
                        (con integer)
                        [
                          (lam
                            b
                            (con bool)
                            [
                              [ [ { (builtin ifThenElse) Bool } b ] True ] False
                            ]
                          )
                          [ [ (builtin greaterThanInteger) arg ] arg ]
                        ]
                      )
                    )
                  )
                  (termbind
                    (strict)
                    (vardecl
                      lessThanByteString
                      (fun (con bytestring) (fun (con bytestring) Bool))
                    )
                    (lam
                      arg
                      (con bytestring)
                      (lam
                        arg
                        (con bytestring)
                        [
                          (lam
                            b
                            (con bool)
                            [
                              [ [ { (builtin ifThenElse) Bool } b ] True ] False
                            ]
                          )
                          [ [ (builtin lessThanByteString) arg ] arg ]
                        ]
                      )
                    )
                  )
                  (termbind
                    (strict)
                    (vardecl
                      lessThanEqInteger
                      (fun (con integer) (fun (con integer) Bool))
                    )
                    (lam
                      arg
                      (con integer)
                      (lam
                        arg
                        (con integer)
                        [
                          (lam
                            b
                            (con bool)
                            [
                              [ [ { (builtin ifThenElse) Bool } b ] True ] False
                            ]
                          )
                          [ [ (builtin lessThanEqualsInteger) arg ] arg ]
                        ]
                      )
                    )
                  )
                  (termbind
                    (strict)
                    (vardecl
                      lessThanInteger
                      (fun (con integer) (fun (con integer) Bool))
                    )
                    (lam
                      arg
                      (con integer)
                      (lam
                        arg
                        (con integer)
                        [
                          (lam
                            b
                            (con bool)
                            [
                              [ [ { (builtin ifThenElse) Bool } b ] True ] False
                            ]
                          )
                          [ [ (builtin lessThanInteger) arg ] arg ]
                        ]
                      )
                    )
                  )
                  (termbind
                    (strict)
                    (vardecl
                      modInteger
                      (fun (con integer) (fun (con integer) (con integer)))
                    )
                    (builtin modInteger)
                  )
                  (termbind
                    (strict)
                    (vardecl
                      multiplyInteger
                      (fun (con integer) (fun (con integer) (con integer)))
                    )
                    (builtin multiplyInteger)
                  )
                  (termbind
                    (strict)
                    (vardecl
                      quotientInteger
                      (fun (con integer) (fun (con integer) (con integer)))
                    )
                    (builtin quotientInteger)
                  )
                  (termbind
                    (strict)
                    (vardecl
                      remainderInteger
                      (fun (con integer) (fun (con integer) (con integer)))
                    )
                    (builtin remainderInteger)
                  )
                  (termbind
                    (strict)
                    (vardecl id (all a (type) (fun a a)))
                    (abs a (type) (lam x a x))
                  )
                  (termbind
                    (strict)
                    (vardecl
                      traverse
                      (all t (fun (type) (type)) (fun [Traversable t] (all f (fun (type) (type)) (all a (type) (all b (type) (fun [Applicative f] (fun (fun a [f b]) (fun [t a] [f [t b]]))))))))
                    )
                    (abs
                      t
                      (fun (type) (type))
                      (lam
                        v
                        [Traversable t]
                        (let
                          (nonrec)
                          (termbind (nonstrict) (vardecl v [Traversable t]) v)
                          [
                            {
                              [ { Traversable_match t } v ]
                              (all f (fun (type) (type)) (all a (type) (all b (type) (fun [Applicative f] (fun (fun a [f b]) (fun [t a] [f [t b]]))))))
                            }
                            (lam
                              v
                              [(lam f (fun (type) (type)) (all a (type) (all b (type) (fun (fun a b) (fun [f a] [f b]))))) t]
                              (lam
                                v
                                [(lam t (fun (type) (type)) (all m (type) (all a (type) (fun [Monoid m] (fun (fun a m) (fun [t a] m)))))) t]
                                (lam
                                  v
                                  (all f (fun (type) (type)) (all a (type) (all b (type) (fun [Applicative f] (fun (fun a [f b]) (fun [t a] [f [t b]]))))))
                                  v
                                )
                              )
                            )
                          ]
                        )
                      )
                    )
                  )
                  (termbind
                    (strict)
                    (vardecl
                      sequenceA
                      (all t (fun (type) (type)) (all f (fun (type) (type)) (all a (type) (fun [Traversable t] (fun [Applicative f] (fun [t [f a]] [f [t a]]))))))
                    )
                    (abs
                      t
                      (fun (type) (type))
                      (abs
                        f
                        (fun (type) (type))
                        (abs
                          a
                          (type)
                          (lam
                            dTraversable
                            [Traversable t]
                            (lam
                              dApplicative
                              [Applicative f]
                              [
                                [
                                  {
                                    {
                                      { [ { traverse t } dTraversable ] f }
                                      [f a]
                                    }
                                    a
                                  }
                                  dApplicative
                                ]
                                { id [f a] }
                              ]
                            )
                          )
                        )
                      )
                    )
                  )
                  (termbind
                    (nonstrict)
                    (vardecl
                      sequence
                      (all t (fun (type) (type)) (all f (fun (type) (type)) (all a (type) (fun [Traversable t] (fun [Applicative f] (fun [t [f a]] [f [t a]]))))))
                    )
                    sequenceA
                  )
                  (termbind
                    (strict)
                    (vardecl sha2_ (fun (con bytestring) (con bytestring)))
                    (builtin sha2_256)
                  )
                  (termbind
                    (strict)
                    (vardecl sha3_ (fun (con bytestring) (con bytestring)))
                    (builtin sha3_256)
                  )
                  (termbind
                    (strict)
                    (vardecl
                      subtractInteger
                      (fun (con integer) (fun (con integer) (con integer)))
                    )
                    (builtin subtractInteger)
                  )
                  (termbind
                    (strict)
                    (vardecl
                      takeByteString
                      (fun (con integer) (fun (con bytestring) (con bytestring)))
                    )
                    (builtin takeByteString)
                  )
                  (typebind (tyvardecl Integer (type)) (con integer))
                  (termbind
                    (strict)
                    (vardecl trace (fun (con string) Unit))
                    (lam
                      arg
                      (con string)
                      [ (lam b (con unit) Unit) [ (builtin trace) arg ] ]
                    )
                  )
                  (typebind (tyvardecl String (type)) (con string))
                  (typebind
                    (tyvardecl Foldable (fun (fun (type) (type)) (type)))
                    (lam t (fun (type) (type)) (all m (type) (all a (type) (fun [Monoid m] (fun (fun a m) (fun [t a] m))))))
                  )
                  (typebind
                    (tyvardecl Semigroup (fun (type) (type)))
                    (lam a (type) (fun a (fun a a)))
                  )
                  (typebind
                    (tyvardecl Functor (fun (fun (type) (type)) (type)))
                    (lam f (fun (type) (type)) (all a (type) (all b (type) (fun (fun a b) (fun [f a] [f b])))))
                  )
                  (termbind
                    (strict)
                    (vardecl
                      verifySignature
                      (fun (con bytestring) (fun (con bytestring) (fun (con bytestring) Bool)))
                    )
                    (lam
                      arg
                      (con bytestring)
                      (lam
                        arg
                        (con bytestring)
                        (lam
                          arg
                          (con bytestring)
                          [
                            (lam
                              b
                              (con bool)
                              [
                                [ [ { (builtin ifThenElse) Bool } b ] True ]
                                False
                              ]
                            )
                            [ [ [ (builtin verifySignature) arg ] arg ] arg ]
                          ]
                        )
                      )
                    )
                  )
                  (typebind (tyvardecl ByteString (type)) (con bytestring))
                  [
                    [
                      [
                        { { { sequence List } Maybe } (con integer) }
                        fTraversableNil
                      ]
                      fApplicativeMaybe
                    ]
                    [
                      { build [Maybe (con integer)] }
                      (abs
                        a
                        (type)
                        (lam
                          c
                          (fun [Maybe (con integer)] (fun a a))
                          (lam
                            n
                            a
                            [
                              [ c [ { Just (con integer) } (con integer 1) ] ]
                              [
                                [ c [ { Just (con integer) } (con integer 2) ] ]
                                n
                              ]
                            ]
                          )
                        )
                      )
                    ]
                  ]
                )
              )
            )
          )
        )
      )
    )
  )
)