(program
  (let
    (nonrec)
    (datatypebind
      (datatype (tyvardecl Unit (type))  Unit_match (vardecl Unit Unit))
    )
    (datatypebind
      (datatype
        (tyvardecl Bool (type))

        Bool_match
        (vardecl True Bool) (vardecl False Bool)
      )
    )
    [
      [
        [ { [ Bool_match True ] (fun Unit Bool) } (lam thunk Unit False) ]
        (lam thunk Unit False)
      ]
      Unit
    ]
  )
)