(program 1.0.0
  [
    (lam
      arg_1_i0
      (delay
        (lam
          case_GHC_Types_Nil_i0
          (lam
            case_GHC_Types_Cons_i0
            [ [ case_GHC_Types_Cons_i1 (con integer 1) ] arg_1_i3 ]
          )
        )
      )
    )
    (delay
      (lam
        case_GHC_Types_Nil_i0 (lam case_GHC_Types_Cons_i0 case_GHC_Types_Nil_i2)
      )
    )
  ]
)