(program 1.0.0
  (delay
    (lam
      case_Lift_Spec_NestedRecord_i0
      [
        case_Lift_Spec_NestedRecord_i1
        (delay
          (lam
            case_GHC_Maybe_Just_i0
            (lam
              case_GHC_Maybe_Nothing_i0
              [
                case_GHC_Maybe_Just_i2
                (delay
                  (lam
                    case_GHC_Tuple_Tuple2_i0
                    [
                      [ case_GHC_Tuple_Tuple2_i1 (con integer 1) ]
                      (con integer 2)
                    ]
                  )
                )
              ]
            )
          )
        )
      ]
    )
  )
)