(program
  (let
    (nonrec)
    (datatypebind
      (datatype (tyvardecl Unit (type))  Unit_match (vardecl Unit Unit))
    )
    (termbind
      (strict)
      (vardecl thunk Unit)
      (let
        (nonrec)
        (termbind
          (strict) (vardecl b (con unit)) [ (builtin trace) (con string "") ]
        )
        Unit
      )
    )
    (error (con integer))
  )
)