(program
  (let
    (nonrec)
    (datatypebind
      (datatype
        (tyvardecl StrictPattern (fun (type) (type)))
        (tyvardecl a (type))
        StrictPattern_match
        (vardecl StrictPattern (fun a (fun a [StrictPattern a])))
      )
    )
    [ [ { StrictPattern (con integer) } (con integer 1) ] (con integer 2) ]
  )
)