(program 1.0.0
  [
    (lam
      fix1_i0
      [
        (lam
          map_i0
          [
            (lam go_i0 go_i1)
            [
              (lam arg_0_i0 arg_0_i1)
              [
                (force (force fix1_i2))
                (lam
                  go_i0
                  (lam
                    x_i0
                    [
                      (lam
                        arg_0_i0
                        (delay
                          (lam case_EmptyRose_i0 [ case_EmptyRose_i1 arg_0_i2 ])
                        )
                      )
                      [ [ map_i3 go_i2 ] [ (force x_i1) (lam x_i0 x_i1) ] ]
                    ]
                  )
                )
              ]
            ]
          ]
        )
        [
          (lam arg_0_i0 arg_0_i1)
          [
            (force (force fix1_i1))
            (lam
              map_i0
              (lam
                ds_i0
                (lam
                  ds_i0
                  [
                    [
                      [
                        (force ds_i1)
                        (lam
                          thunk_i0
                          (delay
                            (lam case_Nil_i0 (lam case_Cons_i0 case_Nil_i2))
                          )
                        )
                      ]
                      (lam
                        x_i0
                        (lam
                          xs_i0
                          (lam
                            thunk_i0
                            [
                              [
                                (lam
                                  arg_0_i0
                                  (lam
                                    arg_1_i0
                                    (delay
                                      (lam
                                        case_Nil_i0
                                        (lam
                                          case_Cons_i0
                                          [ [ case_Cons_i1 arg_0_i4 ] arg_1_i3 ]
                                        )
                                      )
                                    )
                                  )
                                )
                                [ ds_i5 x_i3 ]
                              ]
                              [ [ map_i6 ds_i5 ] xs_i2 ]
                            ]
                          )
                        )
                      )
                    ]
                    (delay (lam case_Unit_i0 case_Unit_i1))
                  ]
                )
              )
            )
          ]
        ]
      ]
    )
    (delay
      (delay
        (lam
          f_i0
          [
            (lam s_i0 [ s_i1 s_i1 ])
            (lam s_i0 (lam x_i0 [ [ f_i3 [ s_i2 s_i2 ] ] x_i1 ]))
          ]
        )
      )
    )
  ]
)