(delay
  (lam
    case_EmptyRose_7
    [
      case_EmptyRose_7
      (delay
        (lam
          case_Nil_21
          (lam
            case_Cons_22
            [
              [
                case_Cons_22
                (delay
                  (lam
                    case_EmptyRose_7
                    [
                      case_EmptyRose_7
                      (delay (lam case_Nil_14 (lam case_Cons_15 case_Nil_14)))
                    ]
                  )
                )
              ]
              (delay
                (lam
                  case_Nil_21
                  (lam
                    case_Cons_22
                    [
                      [
                        case_Cons_22
                        (delay
                          (lam
                            case_EmptyRose_7
                            [
                              case_EmptyRose_7
                              (delay
                                (lam case_Nil_14 (lam case_Cons_15 case_Nil_14))
                              )
                            ]
                          )
                        )
                      ]
                      (delay (lam case_Nil_14 (lam case_Cons_15 case_Nil_14)))
                    ]
                  )
                )
              )
            ]
          )
        )
      )
    ]
  )
)