(delay
  (lam
    case_EmptyRose_106
    [
      case_EmptyRose_106
      (delay
        (lam
          case_Nil_112
          (lam
            case_Cons_113
            [
              [
                case_Cons_113
                (delay
                  (lam
                    case_EmptyRose_106
                    [
                      case_EmptyRose_106
                      (delay (lam case_Nil_108 (lam case_Cons_109 case_Nil_108))
                      )
                    ]
                  )
                )
              ]
              (delay
                (lam
                  case_Nil_112
                  (lam
                    case_Cons_113
                    [
                      [
                        case_Cons_113
                        (delay
                          (lam
                            case_EmptyRose_106
                            [
                              case_EmptyRose_106
                              (delay
                                (lam
                                  case_Nil_108 (lam case_Cons_109 case_Nil_108)
                                )
                              )
                            ]
                          )
                        )
                      ]
                      (delay (lam case_Nil_108 (lam case_Cons_109 case_Nil_108))
                      )
                    ]
                  )
                )
              )
            ]
          )
        )
      )
    ]
  )
)