(program
  (let
    (nonrec)
    (datatypebind
      (datatype (tyvardecl Unit (type))  Unit_match (vardecl Unit Unit))
    )
    (termbind
      (strict)
      (vardecl error (all a (type) (fun (con unit) a)))
      (abs a (type) (lam thunk (con unit) (error a)))
    )
    (termbind
      (strict)
      (vardecl error (all a (type) (fun Unit a)))
      (abs a (type) (lam x Unit [ { error a } (con unit ()) ]))
    )
    { error (con integer) }
  )
)