(program
  (let
    (nonrec)
    (datatypebind
      (datatype (tyvardecl Unit (type))  Unit_match (vardecl Unit Unit))
    )
    (datatypebind
      (datatype
        (tyvardecl Bool (type))

        Bool_match
        (vardecl True Bool) (vardecl False Bool)
      )
    )
    (lam
      ds
      (con integer)
      (lam
        ds
        (con integer)
        [
          [
            [
              {
                [
                  Bool_match
                  (let
                    (nonrec)
                    (termbind
                      (strict)
                      (vardecl b (con bool))
                      [ [ (builtin equalsInteger) ds ] ds ]
                    )
                    [ [ [ { (builtin ifThenElse) Bool } b ] True ] False ]
                  )
                ]
                (fun Unit (con integer))
              }
              (lam thunk Unit ds)
            ]
            (lam thunk Unit ds)
          ]
          Unit
        ]
      )
    )
  )
)