(program
  (let
    (nonrec)
    (datatypebind
      (datatype
        (tyvardecl Bool (type))

        Bool_match
        (vardecl True Bool) (vardecl False Bool)
      )
    )
    (lam
      ds
      (con integer)
      (lam
        ds
        (con integer)
        (let
          (nonrec)
          (termbind
            (strict)
            (vardecl b (con bool))
            [ [ (builtin equalsInteger) ds ] ds ]
          )
          [ [ [ { (builtin ifThenElse) Bool } b ] True ] False ]
        )
      )
    )
  )
)