(program
  (let
    (nonrec)
    (datatypebind
      (datatype
        (tyvardecl Param (fun (type) (type)))
        (tyvardecl a (type))
        Param_match
        (vardecl Param (fun a [Param a]))
      )
    )
    [
      (let
        (nonrec)
        (termbind
          (strict)
          (vardecl ds [Param (con integer)])
          [ { Param (con integer) } (con integer 1) ]
        )
        (lam x (con integer) x)
      )
      (con integer 1)
    ]
  )
)